// Jest Snapshot v1, https://goo.gl/fbAQLP

exports[`Doctor renders correctly 1`] = `
<div
  className="caro doctorMargin carousel slide"
  onKeyDown={[Function]}
  onMouseOut={[Function]}
  onMouseOver={[Function]}
  onTouchEnd={[Function]}
  onTouchMove={[Function]}
  onTouchStart={[Function]}
>
  <div
    className="carousel-indicators"
  />
  <div
    className="carousel-inner"
  />
  <a
    className="carousel-control-prev"
    href="#"
    onClick={[Function]}
    onKeyDown={[Function]}
    role="button"
    tabIndex={0}
  >
    <span
      aria-hidden="true"
      className="carousel-control-prev-icon"
    />
    <span
      className="visually-hidden"
    >
      Previous
    </span>
  </a>
  <a
    className="carousel-control-next"
    href="#"
    onClick={[Function]}
    onKeyDown={[Function]}
    role="button"
    tabIndex={0}
  >
    <span
      aria-hidden="true"
      className="carousel-control-next-icon"
    />
    <span
      className="visually-hidden"
    >
      Next
    </span>
  </a>
</div>
`;
